src/components/layout/AppShell.tsx(1,17): error TS1484: 'ReactNode' is a type and must be imported using a type-only import when 'verbatimModuleSyntax' is enabled.
src/components/layout/AppShell.tsx(3,24): error TS6133: 'useIncidentStore' is declared but its value is never read.
src/components/outputs/Sidebar.tsx(272,57): error TS2769: No overload matches this call.
  The last overload gave the following error.
    Object literal may only specify known properties, and 'className' does not exist in type 'Partial<unknown> & Attributes'.
src/hooks/useWebSocket.ts(9,26): error TS2554: Expected 1 arguments, but got 0.
